// Jest Snapshot v1, https://goo.gl/fbAQLP

exports[`renderiza 1`] = `
<a
  href="#"
>
  Click me
</a>
`;
